wine: created the configuration directory '/root/.wine'
RunMPListen         		unittest.cpp(818)	[PASS]
MP Listener 4 ready on topic 'ut_mp_stress_topic', expecting 2000000 messages...
MP Listener 4: Received 202719 / 2000000 | Elapsed: 2403 ms (84361 msg/s)
MP Listener 4: Received 407000 / 2000000 | Elapsed: 4859 ms (83762 msg/s)
MP Listener 4: Received 608113 / 2000000 | Elapsed: 7167 ms (84849 msg/s)
MP Listener 4: Received 811411 / 2000000 | Elapsed: 9575 ms (84743 msg/s)
MP Listener 4: Received 1011886 / 2000000 | Elapsed: 11980 ms (84465 msg/s)
MP Listener 4: Received 1214033 / 2000000 | Elapsed: 14384 ms (84402 msg/s)
MP Listener 4: Received 1415181 / 2000000 | Elapsed: 16788 ms (84297 msg/s)
MP Listener 4: Received 1616004 / 2000000 | Elapsed: 19293 ms (83761 msg/s)
MP Listener 4: Received 1817958 / 2000000 | Elapsed: 21598 ms (84173 msg/s)
MP Listener 4: Received 2000000 / 2000000 | Elapsed: 23652 ms (84559 msg/s)
RunMPListen         		unittest.cpp(848)	[PASS]

================ Multi-Process Stress Result (Listener 4) ================
Total Messages Expected: 2000000
Total Messages Received: 2000000
Total Messages Lost:     0
Order Errors:            0
Active Sender Processes: 12
  - Sender ID 1: 166667 messages received
  - Sender ID 2: 166667 messages received
  - Sender ID 3: 166667 messages received
  - Sender ID 4: 166667 messages received
  - Sender ID 5: 166667 messages received
  - Sender ID 6: 166667 messages received
  - Sender ID 7: 166667 messages received
  - Sender ID 8: 166667 messages received
  - Sender ID 9: 166666 messages received
  - Sender ID 10: 166666 messages received
  - Sender ID 11: 166666 messages received
  - Sender ID 12: 166666 messages received
Elapsed Time:            23702 ms (23.70 s)
Throughput:              84381 msg/s
========================================================================

