wine: created the configuration directory '/root/.wine'
RunMPListen         		unittest.cpp(818)	[PASS]
MP Listener 2 ready on topic 'ut_mp_stress_topic', expecting 2000000 messages...
MP Listener 2: Received 202460 / 2000000 | Elapsed: 2355 ms (85970 msg/s)
MP Listener 2: Received 402543 / 2000000 | Elapsed: 4762 ms (84532 msg/s)
MP Listener 2: Received 602730 / 2000000 | Elapsed: 7067 ms (85288 msg/s)
MP Listener 2: Received 804127 / 2000000 | Elapsed: 9421 ms (85355 msg/s)
MP Listener 2: Received 1007560 / 2000000 | Elapsed: 11880 ms (84811 msg/s)
MP Listener 2: Received 1209784 / 2000000 | Elapsed: 14284 ms (84695 msg/s)
MP Listener 2: Received 1411428 / 2000000 | Elapsed: 16687 ms (84582 msg/s)
MP Listener 2: Received 1611596 / 2000000 | Elapsed: 19190 ms (83981 msg/s)
MP Listener 2: Received 1812277 / 2000000 | Elapsed: 21493 ms (84319 msg/s)
MP Listener 2: Received 2000000 / 2000000 | Elapsed: 23646 ms (84581 msg/s)
RunMPListen         		unittest.cpp(848)	[PASS]

================ Multi-Process Stress Result (Listener 2) ================
Total Messages Expected: 2000000
Total Messages Received: 2000000
Total Messages Lost:     0
Order Errors:            0
Active Sender Processes: 12
  - Sender ID 1: 166667 messages received
  - Sender ID 2: 166667 messages received
  - Sender ID 3: 166667 messages received
  - Sender ID 4: 166667 messages received
  - Sender ID 5: 166667 messages received
  - Sender ID 6: 166667 messages received
  - Sender ID 7: 166667 messages received
  - Sender ID 8: 166667 messages received
  - Sender ID 9: 166666 messages received
  - Sender ID 10: 166666 messages received
  - Sender ID 11: 166666 messages received
  - Sender ID 12: 166666 messages received
Elapsed Time:            23696 ms (23.70 s)
Throughput:              84402 msg/s
========================================================================

